%!Adobe-FontList 1.14
%Locale:0x409

%BeginFont
Handler:DirectoryHandler
FontType:Type1
FontName:HelveticaNeue-Bold
FamilyName:Helvetica Neue
StyleName:75 Bold
MenuName:Helvetica 55 Roman
StyleBits:2
WeightClass:700
WidthClass:5
AngleClass:0
FullName:12 pt. Helvetica* 75 Bold   07472
WritingScript:Roman
OutlineFileName:\HelveNeuBol
DataFormat:POSTResource
UsesStandardEncoding:yes
isCFF:no
FileLength:30960
FileModTime:919834036
DesignSize:-1
%EndFont

%BeginFont
Handler:DirectoryHandler
FontType:Type1
FontName:HelveticaNeue-Light
FamilyName:Helvetica Neue
StyleName:45 Light
MenuName:Helvetica 45 Light
StyleBits:0
WeightClass:300
WidthClass:5
AngleClass:0
FullName:12 pt. Helvetica* 45 Light   02472
WritingScript:Roman
OutlineFileName:\HelveNeuLig
DataFormat:POSTResource
UsesStandardEncoding:yes
isCFF:no
FileLength:30807
FileModTime:919834076
DesignSize:-1
%EndFont

%BeginFont
Handler:DirectoryHandler
FontType:Type1
FontName:HelveticaNeue-LightItalic
FamilyName:Helvetica Neue
StyleName:46 Light Italic
MenuName:Helvetica 45 Light
StyleBits:1
WeightClass:300
WidthClass:5
AngleClass:1
FullName:12 pt. Helvetica* 46 Light Italic   11472
WritingScript:Roman
OutlineFileName:\HelveNeuLigIta
DataFormat:POSTResource
UsesStandardEncoding:yes
isCFF:no
FileLength:31168
FileModTime:919834078
DesignSize:-1
%EndFont

%BeginFont
Handler:DirectoryHandler
FontType:Suitcase
FontName:HelveticaNeue-LightExt
OutlineFileName:\HelveticaNeue
ResourceID:5773
MacStyle:0
FileLength:476369
FileModTime:1060784554
%EndFont

%BeginFont
Handler:DirectoryHandler
FontType:Suitcase
FontName:HelveticaNeue-LightExtObl
OutlineFileName:\HelveticaNeue
ResourceID:5773
MacStyle:2
FileLength:476369
FileModTime:1060784554
%EndFont

%BeginFont
Handler:DirectoryHandler
FontType:Suitcase
FontName:HelveticaNeue-LightExtObl
OutlineFileName:\HelveticaNeue
ResourceID:5774
MacStyle:0
FileLength:476369
FileModTime:1060784554
%EndFont

%BeginFont
Handler:DirectoryHandler
FontType:Suitcase
FontName:HelveticaNeue-MediumExt
OutlineFileName:\HelveticaNeue
ResourceID:5775
MacStyle:0
FileLength:476369
FileModTime:1060784554
%EndFont

%BeginFont
Handler:DirectoryHandler
FontType:Suitcase
FontName:HelveticaNeue-HeavyExt
OutlineFileName:\HelveticaNeue
ResourceID:5775
MacStyle:1
FileLength:476369
FileModTime:1060784554
%EndFont

%BeginFont
Handler:DirectoryHandler
FontType:Suitcase
FontName:HelveticaNeue-MediumExtObl
OutlineFileName:\HelveticaNeue
ResourceID:5775
MacStyle:2
FileLength:476369
FileModTime:1060784554
%EndFont

%BeginFont
Handler:DirectoryHandler
FontType:Suitcase
FontName:HelveticaNeue-HeavyExtObl
OutlineFileName:\HelveticaNeue
ResourceID:5775
MacStyle:3
FileLength:476369
FileModTime:1060784554
%EndFont

%BeginFont
Handler:DirectoryHandler
FontType:Suitcase
FontName:HelveticaNeue-MediumExtObl
OutlineFileName:\HelveticaNeue
ResourceID:5776
MacStyle:0
FileLength:476369
FileModTime:1060784554
%EndFont

%BeginFont
Handler:DirectoryHandler
FontType:Suitcase
FontName:HelveticaNeue-HeavyExtObl
OutlineFileName:\HelveticaNeue
ResourceID:5776
MacStyle:1
FileLength:476369
FileModTime:1060784554
%EndFont

%BeginFont
Handler:DirectoryHandler
FontType:Suitcase
FontName:HelveticaNeue-HeavyExt
OutlineFileName:\HelveticaNeue
ResourceID:5777
MacStyle:0
FileLength:476369
FileModTime:1060784554
%EndFont

%BeginFont
Handler:DirectoryHandler
FontType:Suitcase
FontName:HelveticaNeue-HeavyExtObl
OutlineFileName:\HelveticaNeue
ResourceID:5777
MacStyle:2
FileLength:476369
FileModTime:1060784554
%EndFont

%BeginFont
Handler:DirectoryHandler
FontType:Suitcase
FontName:HelveticaNeue-HeavyExtObl
OutlineFileName:\HelveticaNeue
ResourceID:5778
MacStyle:0
FileLength:476369
FileModTime:1060784554
%EndFont

%BeginFont
Handler:DirectoryHandler
FontType:Suitcase
FontName:HelveticaNeue-HeavyItalic
OutlineFileName:\HelveticaNeue
ResourceID:14761
MacStyle:0
FileLength:476369
FileModTime:1060784554
%EndFont

%BeginFont
Handler:DirectoryHandler
FontType:Suitcase
FontName:HelveticaNeue-Heavy
OutlineFileName:\HelveticaNeue
ResourceID:14762
MacStyle:0
FileLength:476369
FileModTime:1060784554
%EndFont

%BeginFont
Handler:DirectoryHandler
FontType:Suitcase
FontName:HelveticaNeue-HeavyItalic
OutlineFileName:\HelveticaNeue
ResourceID:14762
MacStyle:2
FileLength:476369
FileModTime:1060784554
%EndFont

%BeginFont
Handler:DirectoryHandler
FontType:Suitcase
FontName:HelveticaNeue-MediumItalic
OutlineFileName:\HelveticaNeue
ResourceID:14763
MacStyle:0
FileLength:476369
FileModTime:1060784554
%EndFont

%BeginFont
Handler:DirectoryHandler
FontType:Suitcase
FontName:HelveticaNeue-HeavyItalic
OutlineFileName:\HelveticaNeue
ResourceID:14763
MacStyle:1
FileLength:476369
FileModTime:1060784554
%EndFont

%BeginFont
Handler:DirectoryHandler
FontType:Suitcase
FontName:HelveticaNeue-Medium
OutlineFileName:\HelveticaNeue
ResourceID:14764
MacStyle:0
FileLength:476369
FileModTime:1060784554
%EndFont

%BeginFont
Handler:DirectoryHandler
FontType:Suitcase
FontName:HelveticaNeue-Heavy
OutlineFileName:\HelveticaNeue
ResourceID:14764
MacStyle:1
FileLength:476369
FileModTime:1060784554
%EndFont

%BeginFont
Handler:DirectoryHandler
FontType:Suitcase
FontName:HelveticaNeue-MediumItalic
OutlineFileName:\HelveticaNeue
ResourceID:14764
MacStyle:2
FileLength:476369
FileModTime:1060784554
%EndFont

%BeginFont
Handler:DirectoryHandler
FontType:Suitcase
FontName:HelveticaNeue-HeavyItalic
OutlineFileName:\HelveticaNeue
ResourceID:14764
MacStyle:3
FileLength:476369
FileModTime:1060784554
%EndFont

%BeginFont
Handler:DirectoryHandler
FontType:Suitcase
FontName:HelveticaNeue-LightItalic
OutlineFileName:\HelveticaNeue
ResourceID:14765
MacStyle:0
FileLength:476369
FileModTime:1060784554
%EndFont

%BeginFont
Handler:DirectoryHandler
FontType:Suitcase
FontName:HelveticaNeue-Light
OutlineFileName:\HelveticaNeue
ResourceID:14766
MacStyle:0
FileLength:476369
FileModTime:1060784554
%EndFont

%BeginFont
Handler:DirectoryHandler
FontType:Suitcase
FontName:HelveticaNeue-LightItalic
OutlineFileName:\HelveticaNeue
ResourceID:14766
MacStyle:2
FileLength:476369
FileModTime:1060784554
%EndFont

%BeginFont
Handler:DirectoryHandler
FontType:Suitcase
FontName:HelveticaNeue-BoldItalic
OutlineFileName:\HelveticaNeue
ResourceID:14767
MacStyle:0
FileLength:476369
FileModTime:1060784554
%EndFont

%BeginFont
Handler:DirectoryHandler
FontType:Suitcase
FontName:HelveticaNeue-Bold
OutlineFileName:\HelveticaNeue
ResourceID:14768
MacStyle:0
FileLength:476369
FileModTime:1060784554
%EndFont

%BeginFont
Handler:DirectoryHandler
FontType:Suitcase
FontName:HelveticaNeue-BoldItalic
OutlineFileName:\HelveticaNeue
ResourceID:14768
MacStyle:2
FileLength:476369
FileModTime:1060784554
%EndFont

%BeginFont
Handler:DirectoryHandler
FontType:Suitcase
FontName:HelveticaNeue-Italic
OutlineFileName:\HelveticaNeue
ResourceID:14769
MacStyle:0
FileLength:476369
FileModTime:1060784554
%EndFont

%BeginFont
Handler:DirectoryHandler
FontType:Suitcase
FontName:HelveticaNeue-BoldItalic
OutlineFileName:\HelveticaNeue
ResourceID:14769
MacStyle:1
FileLength:476369
FileModTime:1060784554
%EndFont

%BeginFont
Handler:DirectoryHandler
FontType:Suitcase
FontName:HelveticaNeue-Roman
OutlineFileName:\HelveticaNeue
ResourceID:14770
MacStyle:0
FileLength:476369
FileModTime:1060784554
%EndFont

%BeginFont
Handler:DirectoryHandler
FontType:Suitcase
FontName:HelveticaNeue-Bold
OutlineFileName:\HelveticaNeue
ResourceID:14770
MacStyle:1
FileLength:476369
FileModTime:1060784554
%EndFont

%BeginFont
Handler:DirectoryHandler
FontType:Suitcase
FontName:HelveticaNeue-Italic
OutlineFileName:\HelveticaNeue
ResourceID:14770
MacStyle:2
FileLength:476369
FileModTime:1060784554
%EndFont

%BeginFont
Handler:DirectoryHandler
FontType:Suitcase
FontName:HelveticaNeue-BoldItalic
OutlineFileName:\HelveticaNeue
ResourceID:14770
MacStyle:3
FileLength:476369
FileModTime:1060784554
%EndFont

%BeginFont
Handler:DirectoryHandler
FontType:Suitcase
FontName:HelveticaNeue-ThinItalic
OutlineFileName:\HelveticaNeue
ResourceID:14771
MacStyle:0
FileLength:476369
FileModTime:1060784554
%EndFont

%BeginFont
Handler:DirectoryHandler
FontType:Suitcase
FontName:HelveticaNeue-Thin
OutlineFileName:\HelveticaNeue
ResourceID:14772
MacStyle:0
FileLength:476369
FileModTime:1060784554
%EndFont

%BeginFont
Handler:DirectoryHandler
FontType:Suitcase
FontName:HelveticaNeue-ThinItalic
OutlineFileName:\HelveticaNeue
ResourceID:14772
MacStyle:2
FileLength:476369
FileModTime:1060784554
%EndFont

%BeginFont
Handler:DirectoryHandler
FontType:Suitcase
FontName:HelveticaNeue-BlackItalic
OutlineFileName:\HelveticaNeue
ResourceID:14773
MacStyle:0
FileLength:476369
FileModTime:1060784554
%EndFont

%BeginFont
Handler:DirectoryHandler
FontType:Suitcase
FontName:HelveticaNeue-Black
OutlineFileName:\HelveticaNeue
ResourceID:14774
MacStyle:0
FileLength:476369
FileModTime:1060784554
%EndFont

%BeginFont
Handler:DirectoryHandler
FontType:Suitcase
FontName:HelveticaNeue-BlackItalic
OutlineFileName:\HelveticaNeue
ResourceID:14774
MacStyle:2
FileLength:476369
FileModTime:1060784554
%EndFont

%BeginFont
Handler:DirectoryHandler
FontType:Suitcase
FontName:HelveticaNeue-UltraLightItal
OutlineFileName:\HelveticaNeue
ResourceID:14775
MacStyle:0
FileLength:476369
FileModTime:1060784554
%EndFont

%BeginFont
Handler:DirectoryHandler
FontType:Suitcase
FontName:HelveticaNeue-UltraLight
OutlineFileName:\HelveticaNeue
ResourceID:14776
MacStyle:0
FileLength:476369
FileModTime:1060784554
%EndFont

%BeginFont
Handler:DirectoryHandler
FontType:Suitcase
FontName:HelveticaNeue-UltraLightItal
OutlineFileName:\HelveticaNeue
ResourceID:14776
MacStyle:2
FileLength:476369
FileModTime:1060784554
%EndFont

%BeginFont
Handler:DirectoryHandler
FontType:Type1
FontName:TradeGothic-BoldTwo
FamilyName:Trade Gothic
StyleName:Bold No. 2
MenuName:TradeGothic
StyleBits:2
WeightClass:700
WidthClass:5
AngleClass:0
FullName:Trade Gothic Bold No. 2
WritingScript:Roman
OutlineFileName:\TradeGotBolTwo
DataFormat:POSTResource
UsesStandardEncoding:yes
isCFF:no
FileLength:29296
FileModTime:634841988
DesignSize:-1
%EndFont

%BeginFont
Handler:DirectoryHandler
FontType:Suitcase
FontName:TradeGothic-BoldCondTwentyObl
OutlineFileName:\TradeGothic
ResourceID:13162
MacStyle:0
FileLength:306083
FileModTime:1060700436
%EndFont

%BeginFont
Handler:DirectoryHandler
FontType:Suitcase
FontName:TradeGothic-BoldCondTwenty
OutlineFileName:\TradeGothic
ResourceID:13163
MacStyle:0
FileLength:306083
FileModTime:1060700436
%EndFont

%BeginFont
Handler:DirectoryHandler
FontType:Suitcase
FontName:TradeGothic-BoldCondTwentyObl
OutlineFileName:\TradeGothic
ResourceID:13163
MacStyle:2
FileLength:306083
FileModTime:1060700436
%EndFont

%BeginFont
Handler:DirectoryHandler
FontType:Suitcase
FontName:TradeGothic-CondEighteenObl
OutlineFileName:\TradeGothic
ResourceID:13164
MacStyle:0
FileLength:306083
FileModTime:1060700436
%EndFont

%BeginFont
Handler:DirectoryHandler
FontType:Suitcase
FontName:TradeGothic-BoldCondTwentyObl
OutlineFileName:\TradeGothic
ResourceID:13164
MacStyle:1
FileLength:306083
FileModTime:1060700436
%EndFont

%BeginFont
Handler:DirectoryHandler
FontType:Suitcase
FontName:TradeGothic-CondEighteen
OutlineFileName:\TradeGothic
ResourceID:13165
MacStyle:0
FileLength:306083
FileModTime:1060700436
%EndFont

%BeginFont
Handler:DirectoryHandler
FontType:Suitcase
FontName:TradeGothic-BoldCondTwenty
OutlineFileName:\TradeGothic
ResourceID:13165
MacStyle:1
FileLength:306083
FileModTime:1060700436
%EndFont

%BeginFont
Handler:DirectoryHandler
FontType:Suitcase
FontName:TradeGothic-CondEighteenObl
OutlineFileName:\TradeGothic
ResourceID:13165
MacStyle:2
FileLength:306083
FileModTime:1060700436
%EndFont

%BeginFont
Handler:DirectoryHandler
FontType:Suitcase
FontName:TradeGothic-BoldCondTwentyObl
OutlineFileName:\TradeGothic
ResourceID:13165
MacStyle:3
FileLength:306083
FileModTime:1060700436
%EndFont

%BeginFont
Handler:DirectoryHandler
FontType:Suitcase
FontName:TradeGothic-BoldTwoOblique
OutlineFileName:\TradeGothic
ResourceID:13166
MacStyle:0
FileLength:306083
FileModTime:1060700436
%EndFont

%BeginFont
Handler:DirectoryHandler
FontType:Suitcase
FontName:TradeGothic-BoldTwo
OutlineFileName:\TradeGothic
ResourceID:13167
MacStyle:0
FileLength:306083
FileModTime:1060700436
%EndFont

%BeginFont
Handler:DirectoryHandler
FontType:Suitcase
FontName:TradeGothic-BoldTwoOblique
OutlineFileName:\TradeGothic
ResourceID:13167
MacStyle:2
FileLength:306083
FileModTime:1060700436
%EndFont

%BeginFont
Handler:DirectoryHandler
FontType:Suitcase
FontName:TradeGothic-BoldOblique
OutlineFileName:\TradeGothic
ResourceID:13168
MacStyle:0
FileLength:306083
FileModTime:1060700436
%EndFont

%BeginFont
Handler:DirectoryHandler
FontType:Suitcase
FontName:TradeGothic-Bold
OutlineFileName:\TradeGothic
ResourceID:13169
MacStyle:0
FileLength:306083
FileModTime:1060700436
%EndFont

%BeginFont
Handler:DirectoryHandler
FontType:Suitcase
FontName:TradeGothic-BoldOblique
OutlineFileName:\TradeGothic
ResourceID:13169
MacStyle:2
FileLength:306083
FileModTime:1060700436
%EndFont

%BeginFont
Handler:DirectoryHandler
FontType:Suitcase
FontName:TradeGothic-Oblique
OutlineFileName:\TradeGothic
ResourceID:13170
MacStyle:0
FileLength:306083
FileModTime:1060700436
%EndFont

%BeginFont
Handler:DirectoryHandler
FontType:Suitcase
FontName:TradeGothic-BoldTwoOblique
OutlineFileName:\TradeGothic
ResourceID:13170
MacStyle:1
FileLength:306083
FileModTime:1060700436
%EndFont

%BeginFont
Handler:DirectoryHandler
FontType:Suitcase
FontName:TradeGothic
OutlineFileName:\TradeGothic
ResourceID:13171
MacStyle:0
FileLength:306083
FileModTime:1060700436
%EndFont

%BeginFont
Handler:DirectoryHandler
FontType:Suitcase
FontName:TradeGothic-BoldTwo
OutlineFileName:\TradeGothic
ResourceID:13171
MacStyle:1
FileLength:306083
FileModTime:1060700436
%EndFont

%BeginFont
Handler:DirectoryHandler
FontType:Suitcase
FontName:TradeGothic-Oblique
OutlineFileName:\TradeGothic
ResourceID:13171
MacStyle:2
FileLength:306083
FileModTime:1060700436
%EndFont

%BeginFont
Handler:DirectoryHandler
FontType:Suitcase
FontName:TradeGothic-BoldTwoOblique
OutlineFileName:\TradeGothic
ResourceID:13171
MacStyle:3
FileLength:306083
FileModTime:1060700436
%EndFont

%BeginFont
Handler:DirectoryHandler
FontType:Suitcase
FontName:TradeGothic-LightOblique
OutlineFileName:\TradeGothic
ResourceID:13172
MacStyle:0
FileLength:306083
FileModTime:1060700436
%EndFont

%BeginFont
Handler:DirectoryHandler
FontType:Suitcase
FontName:TradeGothic-Light
OutlineFileName:\TradeGothic
ResourceID:13173
MacStyle:0
FileLength:306083
FileModTime:1060700436
%EndFont

%BeginFont
Handler:DirectoryHandler
FontType:Suitcase
FontName:TradeGothic-LightOblique
OutlineFileName:\TradeGothic
ResourceID:13173
MacStyle:2
FileLength:306083
FileModTime:1060700436
%EndFont

%BeginFont
Handler:DirectoryHandler
FontType:Type1
FontName:TradeGothic-Light
FamilyName:Trade Gothic
StyleName:Light
MenuName:TradeGothic Light
StyleBits:0
WeightClass:300
WidthClass:5
AngleClass:0
FullName:Trade Gothic Light
WritingScript:Roman
OutlineFileName:\TradeGotLig
DataFormat:POSTResource
UsesStandardEncoding:yes
isCFF:no
FileLength:27442
FileModTime:634841980
DesignSize:-1
%EndFont

%BeginFont
Handler:DirectoryHandler
FontType:Type1
FontName:TradeGothic-LightOblique
FamilyName:Trade Gothic
StyleName:Light Oblique
MenuName:TradeGothic Light
StyleBits:1
WeightClass:300
WidthClass:5
AngleClass:1
FullName:Trade Gothic Light Oblique
WritingScript:Roman
OutlineFileName:\TradeGotLigObl
DataFormat:POSTResource
UsesStandardEncoding:yes
isCFF:no
FileLength:35081
FileModTime:634841974
DesignSize:-1
%EndFont

